Traceback (most recent call last):
  File "updated_hessian_test_suite.py", line 16, in <module>
    import forward_diff
ModuleNotFoundError: No module named 'forward_diff'
